fagsakId
søknadId
sakId
Fødselsdato
Søknadsdato
Ønsker dagpenger fra dato
Har rett til ordinære dagpenger gjennom arbeidsforhold
Har rett til dagpenger under permittering
Har rett til dagpenger etter konkurs
Har rett til dagpenger under permittering i fiskeforedlingsindustri
Har rett til ordinære dagpenger uten arbeidsforhold
Søknadstidspunkt
Har rett til ordinære dagpenger
Prøvingsdato
Rettighetstype
Aldersgrense
Dato søker når maks alder
Siste mulige dag bruker kan oppfylle alderskrav
Oppfyller kravet til alder
Lovpålagt rapporteringsfrist for A-ordningen
Maks lengde på opptjeningsperiode
Grunnbeløp
Antall G for krav til 12 mnd arbeidsinntekt
Antall G for krav til 36 mnd arbeidsinntekt
Arbeidsgivers rapporteringsfrist
Inntektskrav for siste 12 mnd
Inntektskrav for siste 36 mnd
Siste avsluttende kalendermåned
Første måned av opptjeningsperiode
Registrert som arbeidssøker
Registrert som arbeidssøker på søknadstidspunktet
Inntektsopplysninger
Brutto arbeidsinntekt
Arbeidsinntekt siste 12 mnd
Arbeidsinntekt siste 36 mnd
Arbeidsinntekt er over kravet for siste 12 mnd
Arbeidsinntekt er over kravet for siste 36 mnd
Krav til minsteinntekt
Avtjent verneplikt
Har utført minst tre måneders militærtjeneste eller obligatorisk sivilforsvarstjeneste
Oppfyller kravet til minsteinntekt eller verneplikt
Minimum vanlig arbeidstid
Det er godkjent at bruker kun søker deltidsarbeid
Det er godkjent at bruker kun søk arbeid lokalt
Har helsemessige begrensninger og kan ikke ta alle typer arbeid
Ønsket arbeidstid
Kan jobbe heltid og deltid
Kan jobbe i hele Norge
Kan ta alle typer arbeid
Villig til å bytte yrke
Villig til å jobbe minimum arbeidstid
Oppfyller kravet til heltid- og deltidsarbeid
Oppfyller kravet til mobilitet
Oppfyller kravet til å være arbeidsfør
Oppfyller kravet til å ta ethvert arbeid
Krav til arbeidssøker
