fagsakId
søknadId
støtterInnvilgelse
Fødselsdato
Søknadsdato
Ønsker dagpenger fra dato
Søknadstidspunkt
Prøvingsdato
Aldersgrense
Lovpålagt rapporteringsfrist for A-ordningen
Maks lengde på opptjeningsperiode
Grunnbeløp
Antall G for krav til 12 mnd arbeidsinntekt
Antall G for krav til 36 mnd arbeidsinntekt
Dato søker når maks alder
Arbeidsgivers rapporteringsfrist
Inntektskrav for siste 12 mnd
Inntektskrav for siste 36 mnd
Siste mulige dag bruker kan oppfylle alderskrav
Siste avsluttende kalendermåned
Oppfyller kravet til alder
Første måned av opptjeningsperiode
Avtjent verneplikt
Har utført minst tre måneders militærtjeneste eller obligatorisk sivilforsvarstjeneste
Inntektsopplysninger
Brutto arbeidsinntekt
Arbeidsinntekt siste 12 mnd
Arbeidsinntekt siste 36 mnd
Arbeidsinntekt er over kravet for siste 12 mnd
Arbeidsinntekt er over kravet for siste 36 mnd
Krav til minsteinntekt
Det er godkjent at bruker kun søker deltidsarbeid
Det er godkjent at bruker kun søk arbeid lokalt
Nedre grense for ønsket arbeidstid
Deltar i arbeidsmarkedstiltak
Deltar i opplæring for innvandrere
Deltar i grunnskoleopplæring, videregående opplæring og opplæring i grunnleggende ferdigheter
Deltar i høyere yrkesfaglig utdanning
Deltar i høyere utdanning
Deltar på kurs mv
Utestengt
Deltar medlemmet i streik eller er omfattet av lock-out?
Ledig ved samme bedrift eller arbeidsplass, og blir påvirket av utfallet?
Er personen medlem av folketrygden?
Har tapt arbeid
Krav på lønn fra tidligere arbeidsgiver
Ny arbeidstid per uke
Beregnet vanlig arbeidstid per uke før tap
Maksimal vanlig arbeidstid
Krav til prosentvis tap av arbeidstid
Beregningsregel: Arbeidstid siste 6 måneder
Beregningsregel: Arbeidstid siste 12 måneder
Beregeningsregel: Arbeidstid siste 36 måneder
Mottar ikke andre fulle ytelser
Grunnbeløp for grunnlag
Tellende inntekt
Faktor for maksimalt mulig grunnlag
Antall år i 36 måneder
Faktor for utregning av dagsats etter dagpengegrunnlaget
Barnetilleggets størrelse i kroner per dag for hvert barn
90% av grunnlag for dagpenger
Antall arbeidsdager per år
Sykepenger dagsats
Pleiepenger dagsats
Omsorgspenger dagsats
Opplæringspenger dagsats
Uføre dagsats
Foreldrepenger dagsats
Svangerskapspenger dagsats
Godkjent unntak for utdanning eller opplæring?
Oppfyller krav til ikke utestengt
Er medlemmet ikke påvirket av streik eller lock-out?
Oppfyller personen vilkåret om medlemskap?
Ikke krav på lønn fra tidligere arbeidsgiver
Fastsatt arbeidstid per uke før tap
Beregningsregel: Tapt arbeidstid
Oppjustert inntekt
6 ganger grunnbeløp
Sum andre ytelser
Krav til tap av arbeidsinntekt
Tap av arbeidstid er minst terskel
Inntektperiode 1
Inntektperiode 2
Inntektperiode 3
Krav til tap av arbeidsinntekt og arbeidstid
Grunnlag siste 12 mnd.
Avkortet inntektperiode 1
Avkortet inntektperiode 2
Avkortet inntektperiode 3
Inntekt siste 36 måneder
Gjennomsnittlig arbeidsinntekt siste 36 måneder
Uavrundet grunnlag
Grunnlag
Dagsats uten barnetillegg før samordning
Maksimalt mulig grunnlag avgrenset til 90% av dagpengegrunnlaget
Avrundet dagsats uten barnetillegg før samordning
Maksimal mulig dagsats avgrenset til 90% av dagpengegrunnlaget
Avrundet maksimal mulig dagsats avgrenset til 90% av dagpengegrunnlaget
Kan jobbe heltid og deltid
Kan jobbe i hele Norge
Kan ta alle typer arbeid
Villig til å bytte yrke
Brukers ønskede arbeidstid
Bruker oppfyller kravet til å være arbeidssøker
Bruker oppfyller kravet til mobilitet
Ønsket arbeidstid er under terskel
Krav til arbeidssøker
Registrert som arbeidssøker
Registrert som arbeidssøker på søknadstidspunktet
Har rett til ordinære dagpenger gjennom arbeidsforhold
Har rett til dagpenger under permittering
Har rett til dagpenger etter konkurs
Har rett til dagpenger under permittering i fiskeforedlingsindustri
Har rett til ordinære dagpenger uten arbeidsforhold
Har rett til ordinære dagpenger
Rettighetstype
Tar utdanning eller opplæring?
Har svart ja på spørsmål om utdanning eller opplæring
Har svart nei på spørsmål om utdanning eller opplæring
Oppfyller kravet på unntak for utdanning eller opplæring
Krav til utdanning eller opplæring
Har avkortet grunnlaget i periode 1
Har avkortet grunnlaget i periode 2
Har avkortet grunnlaget i periode 3
Brukt beregningsregel
Utbetalt arbeidsinntekt periode 1
Utbetalt arbeidsinntekt periode 2
Utbetalt arbeidsinntekt periode 3
Antall arbeidsdager per uke
Hvor mange prosent av G skal brukes som terskel ved samordning
Pensjon fra en offentlig tjenestepensjonsordning beløp
Uførepensjon fra offentlig pensjonsordning beløp
Vartpenger beløp
Ventelønn beløp
Etterlønn beløp
Garantilott fra Garantikassen for fiskere beløp
Antall dagsats for egenandel
Terskelfaktor for 12 måneder
Lang dagpengeperiode
Kort dagpengeperiode
Divisior
Terskelfaktor for 36 måneder
Antall dager som skal regnes med i hver uke
Uføretrygd etter lovens kapittel 12
Mottar pensjon fra en offentlig tjenestepensjonsordning
Mottar redusert uførepensjon fra offentlig pensjonsordning
Mottar vartpenger
Mottar ventelønn
Mottar etterlønn
Mottar garantilott fra Garantikassen for fiskere.
Har avkortet grunnlag
Beløp tilsvarende nedre terskel av G
Sum av ytelser utenfor folketrygden
Terskel for 12 måneder
Snittinntekt siste 36 måneder
Terskel for 36 måneder
Over terskel for 12 måneder
Over terskel for 36 måneder
Stønadsuker ved siste 12 måneder
Stønadsuker ved siste 36 måneder
Antall stønadsuker
Antall gjenstående stønadsdager
Barn
Antall barn som gir rett til barnetillegg
Sum av barnetillegg
Dagsats med barnetillegg før samordning
Har barnetillegg
Andel av dagsats med barnetillegg som overstiger maks andel av dagpengegrunnlaget
Avrundet ukessats med barnetillegg før samordning
Andel av dagsats uten barnetillegg avkortet til maks andel av dagpengegrunnlaget
Samordnet dagsats uten barnetillegg
Samordnet dagsats er negativ eller 0
Samordnet ukessats uten barnetillegg
Utfall etter samordning
Minste mulige ukessats som som kan brukes
Ukessats trukket ned for ytelser utenfor folketrygden
Krav på dagpenger
Samordnet ukessats med ytelser utenfor folketrygden
Dagsats uten barnetillegg samordnet
Samordnet dagsats med barnetillegg
Har samordnet
Dagsats med barnetillegg etter samordning og 90% regel
Egenandel
Ukessats med barnetillegg etter samordning