fagsakId
søknadId
støtterInnvilgelse
Fødselsdato
Søknadsdato
Ønsker dagpenger fra dato
Søknadstidspunkt
Avtjent verneplikt
Har utført minst tre måneders militærtjeneste eller obligatorisk sivilforsvarstjeneste
Kan jobbe heltid og deltid
Kan jobbe i hele Norge
Kan ta alle typer arbeid
Villig til å bytte yrke
Brukers ønskede arbeidstid
Har rett til ordinære dagpenger gjennom arbeidsforhold
Har rett til dagpenger under permittering
Har rett til dagpenger etter konkurs
Har rett til dagpenger under permittering i fiskeforedlingsindustri
Har rett til ordinære dagpenger uten arbeidsforhold
Har rett til ordinære dagpenger
Rettighetstype
Prøvingsdato
Aldersgrense
Lovpålagt rapporteringsfrist for A-ordningen
Maks lengde på opptjeningsperiode
Grunnbeløp
Antall G for krav til 12 mnd arbeidsinntekt
Antall G for krav til 36 mnd arbeidsinntekt
Det er godkjent at bruker kun søker deltidsarbeid
Det er godkjent at bruker kun søk arbeid lokalt
Nedre grense for ønsket arbeidstid
Dato søker når maks alder
Arbeidsgivers rapporteringsfrist
Inntektskrav for siste 12 mnd
Inntektskrav for siste 36 mnd
Bruker oppfyller kravet til å være arbeidssøker
Bruker oppfyller kravet til mobilitet
Ønsket arbeidstid er under terskel
Siste mulige dag bruker kan oppfylle alderskrav
Siste avsluttende kalendermåned
Krav til arbeidssøker
Oppfyller kravet til alder
Første måned av opptjeningsperiode
Inntektsopplysninger
Registrert som arbeidssøker
Brutto arbeidsinntekt
Registrert som arbeidssøker på søknadstidspunktet
Arbeidsinntekt siste 12 mnd
Arbeidsinntekt siste 36 mnd
Arbeidsinntekt er over kravet for siste 12 mnd
Arbeidsinntekt er over kravet for siste 36 mnd
Krav til minsteinntekt