fagsakId
søknadId
støtterInnvilgelse
Fødselsdato
Søknadsdato
Ønsker dagpenger fra dato
Søknadstidspunkt
Avtjent verneplikt
Har utført minst tre måneders militærtjeneste eller obligatorisk sivilforsvarstjeneste
Kan jobbe heltid og deltid
Kan jobbe i hele Norge
Kan ta alle typer arbeid
Villig til å bytte yrke
Brukers ønskede arbeidstid
Har rett til ordinære dagpenger gjennom arbeidsforhold
Har rett til dagpenger under permittering
Har rett til dagpenger etter konkurs
Har rett til dagpenger under permittering i fiskeforedlingsindustri
Har rett til ordinære dagpenger uten arbeidsforhold
Har rett til ordinære dagpenger
Rettighetstype
Tar utdanning eller opplæring?
Har svart ja på spørsmål om utdanning eller opplæring
Har svart nei på spørsmål om utdanning eller opplæring
Barn
Antall barn som gir rett til barnetillegg
Prøvingsdato
Aldersgrense
Lovpålagt rapporteringsfrist for A-ordningen
Maks lengde på opptjeningsperiode
Grunnbeløp
Antall G for krav til 12 mnd arbeidsinntekt
Antall G for krav til 36 mnd arbeidsinntekt
Det er godkjent at bruker kun søker deltidsarbeid
Det er godkjent at bruker kun søk arbeid lokalt
Nedre grense for ønsket arbeidstid
Deltar i arbeidsmarkedstiltak
Deltar i opplæring for innvandrere
Deltar i grunnskoleopplæring, videregående opplæring og opplæring i grunnleggende ferdigheter
Deltar i høyere yrkesfaglig utdanning
Deltar i høyere utdanning
Deltar på kurs mv
Utestengt
Deltar medlemmet i streik eller er omfattet av lock-out?
Ledig ved samme bedrift eller arbeidsplass, og blir påvirket av utfallet?
Er personen medlem av folketrygden?
Har tapt arbeid
Krav på lønn fra tidligere arbeidsgiver
Ny arbeidstid per uke
Beregnet vanlig arbeidstid per uke før tap
Maksimal vanlig arbeidstid
Krav til prosentvis tap av arbeidstid
Beregningsregel: Arbeidstid siste 6 måneder
Beregningsregel: Arbeidstid siste 12 måneder
Beregeningsregel: Arbeidstid siste 36 måneder
Mottar ikke andre fulle ytelser
Grunnbeløp for grunnlag
Faktor for maksimalt mulig grunnlag
Antall år i 36 måneder
Faktor for utregning av dagsats etter dagpengegrunnlaget
Barnetilleggets størrelse i kroner per dag for hvert barn
90% av grunnlag for dagpenger
Antall arbeidsdager per år
Sykepenger dagsats
Pleiepenger dagsats
Omsorgspenger dagsats
Opplæringspenger dagsats
Uføre dagsats
Foreldrepenger dagsats
Svangerskapspenger dagsats
Antall arbeidsdager per uke
Hvor mange prosent av G skal brukes som terskel ved samordning
Pensjon fra en offentlig tjenestepensjonsordning beløp
Uførepensjon fra offentlig pensjonsordning beløp
Vartpenger beløp
Ventelønn beløp
Etterlønn beløp
Garantilott fra Garantikassen for fiskere beløp
Antall dagsats for egenandel
Terskelfaktor for 12 måneder
Lang dagpengeperiode
Kort dagpengeperiode
Divisior
Terskelfaktor for 36 måneder
Antall dager som skal regnes med i hver uke
Uføretrygd etter lovens kapittel 12
Mottar pensjon fra en offentlig tjenestepensjonsordning
Mottar redusert uførepensjon fra offentlig pensjonsordning
Mottar vartpenger
Mottar ventelønn
Mottar etterlønn
Mottar garantilott fra Garantikassen for fiskere.
Dato søker når maks alder
Arbeidsgivers rapporteringsfrist
Inntektskrav for siste 12 mnd
Inntektskrav for siste 36 mnd
Bruker oppfyller kravet til å være arbeidssøker
Bruker oppfyller kravet til mobilitet
Ønsket arbeidstid er under terskel
Godkjent unntak for utdanning eller opplæring?
Oppfyller krav til ikke utestengt
Er medlemmet ikke påvirket av streik eller lock-out?
Oppfyller personen vilkåret om medlemskap?
Ikke krav på lønn fra tidligere arbeidsgiver
Krav til tap av arbeidsinntekt
Fastsatt arbeidstid per uke før tap
Tap av arbeidstid er minst terskel
Beregningsregel: Tapt arbeidstid
6 ganger grunnbeløp
Sum av barnetillegg
Sum andre ytelser
Beløp tilsvarende nedre terskel av G
Sum av ytelser utenfor folketrygden
Terskel for 12 måneder
Terskel for 36 måneder
Har barnetillegg
Siste mulige dag bruker kan oppfylle alderskrav
Siste avsluttende kalendermåned
Krav til arbeidssøker
Oppfyller kravet på unntak for utdanning eller opplæring
Krav til tap av arbeidsinntekt og arbeidstid
Oppfyller kravet til alder
Første måned av opptjeningsperiode
Krav til utdanning eller opplæring
Inntektsopplysninger
Registrert som arbeidssøker
Sykepenger etter lovens kapittel 8
Omsorgspenger etter lovens kapittel 9
Svangerskapspenger etter lovens kapittel 14
Foreldrepenger etter lovens kapittel 14
Opplæringspenger etter lovens kapittel 9
Pleiepenger etter lovens kapittel 9
Oppgitt andre ytelser utenfor NAV i søknaden
Mottar andre økonomiske ytelser fra arbeidsgiver eller tidligere arbeidsgiver enn lønn
Brutto arbeidsinntekt
Registrert som arbeidssøker på søknadstidspunktet
Tellende inntekt
Medlem har reduserte ytelser fra folketrygden (Samordning)
Skal samordnes med ytelser utenfor folketrygden
Arbeidsinntekt siste 12 mnd
Arbeidsinntekt siste 36 mnd
Oppjustert inntekt
Utbetalt arbeidsinntekt periode 1
Utbetalt arbeidsinntekt periode 2
Utbetalt arbeidsinntekt periode 3
Arbeidsinntekt er over kravet for siste 12 mnd
Arbeidsinntekt er over kravet for siste 36 mnd
Inntektperiode 1
Inntektperiode 2
Inntektperiode 3
Over terskel for 12 måneder
Snittinntekt siste 36 måneder
Krav til minsteinntekt
Har avkortet grunnlaget i periode 1
Har avkortet grunnlaget i periode 2
Har avkortet grunnlaget i periode 3
Grunnlag siste 12 mnd.
Avkortet inntektperiode 1
Avkortet inntektperiode 2
Avkortet inntektperiode 3
Stønadsuker ved siste 12 måneder
Over terskel for 36 måneder
Har avkortet grunnlag
Inntekt siste 36 måneder
Stønadsuker ved siste 36 måneder
Antall stønadsuker
Gjennomsnittlig arbeidsinntekt siste 36 måneder
Antall gjenstående stønadsdager
Uavrundet grunnlag
Brukt beregningsregel
Grunnlag
Dagsats uten barnetillegg før samordning
Maksimalt mulig grunnlag avgrenset til 90% av dagpengegrunnlaget
Avrundet dagsats uten barnetillegg før samordning
Dagsats med barnetillegg før samordning
Maksimal mulig dagsats avgrenset til 90% av dagpengegrunnlaget
Avrundet maksimal mulig dagsats avgrenset til 90% av dagpengegrunnlaget
Andel av dagsats med barnetillegg som overstiger maks andel av dagpengegrunnlaget
Andel av dagsats uten barnetillegg avkortet til maks andel av dagpengegrunnlaget
Avrundet ukessats med barnetillegg før samordning
Samordnet dagsats uten barnetillegg
Samordnet dagsats er negativ eller 0
Samordnet ukessats uten barnetillegg
Utfall etter samordning
Minste mulige ukessats som som kan brukes
Ukessats trukket ned for ytelser utenfor folketrygden
Krav på dagpenger
Samordnet ukessats med ytelser utenfor folketrygden
Dagsats uten barnetillegg samordnet
Samordnet dagsats med barnetillegg
Har samordnet
Dagsats med barnetillegg etter samordning og 90% regel
Egenandel
Ukessats med barnetillegg etter samordning