fagsakId
søknadId
støtterInnvilgelse
Fødselsdato
Søknadsdato
Ønsker dagpenger fra dato
Søknadstidspunkt
Prøvingsdato
Aldersgrense
Lovpålagt rapporteringsfrist for A-ordningen
Maks lengde på opptjeningsperiode
Grunnbeløp
Antall G for krav til 12 mnd arbeidsinntekt
Antall G for krav til 36 mnd arbeidsinntekt
Dato søker når maks alder
Arbeidsgivers rapporteringsfrist
Inntektskrav for siste 12 mnd
Inntektskrav for siste 36 mnd
Siste mulige dag bruker kan oppfylle alderskrav
Siste avsluttende kalendermåned
Oppfyller kravet til alder
Første måned av opptjeningsperiode
Avtjent verneplikt
Har utført minst tre måneders militærtjeneste eller obligatorisk sivilforsvarstjeneste
Inntekt
Arbeidsinntekt siste 12 mnd
Arbeidsinntekt siste 36 mnd
Arbeidsinntekt er over kravet for siste 12 mnd
Arbeidsinntekt er over kravet for siste 36 mnd
Krav til minsteinntekt
Det er godkjent at bruker kun søker deltidsarbeid
Det er godkjent at bruker kun søk arbeid lokalt
Deltar i arbeidsmarkedstiltak
Deltar i opplæring for innvandrere
Deltar i grunnskoleopplæring, videregående opplæring og opplæring i grunnleggende ferdigheter
Deltar i høyere yrkesfaglig utdanning
Deltar i høyere utdanning
Deltar på kurs mv
Utestengt
Deltar medlemmet i streik eller er omfattet av lock-out?
Ledig ved samme bedrift eller arbeidsplass, og blir påvirket av utfallet?
Er personen medlem av folketrygden?
Har tapt arbeid
Krav på lønn fra tidligere arbeidsgiver
Ny arbeidstid per uke
Beregnet vanlig arbeidstid per uke før tap
Maksimal vanlig arbeidstid
Krav til prosentvis tap av arbeidstid
Beregningsregel: Arbeidstid siste 6 måneder
Beregningsregel: Arbeidstid siste 12 måneder
Beregeningsregel: Arbeidstid siste 36 måneder
Godkjent unntak for utdanning eller opplæring?
Oppfyller krav til ikke utestengt
Er medlemmet påvirket av streik eller lock-out?
Oppfyller personen vilkåret om medlemskap?
Ikke krav på lønn fra tidligere arbeidsgiver
Fastsatt arbeidstid per uke før tap
Beregningsregel: Tapt arbeidstid
Krav til tap av arbeidsinntekt
Tap av arbeidstid er minst terskel
Krav til tap av arbeidsinntekt og arbeidstid
Kan jobbe heltid og deltid
Kan jobbe i hele Norge
Kan ta alle typer arbeid
Villig til å bytte yrke
Bruker oppfyller kravet til å være arbeidssøker
Bruker oppfyller kravet til mobilitet
Krav til arbeidssøker
Registrert som arbeidssøker
Registrert som arbeidssøker på søknadstidspunktet
Har rett til ordinære dagpenger gjennom arbeidsforhold
Har rett til dagpenger under permittering
Har rett til dagpenger etter konkurs
Har rett til dagpenger under permittering i fiskeforedlingsindustri
Har rett til ordinære dagpenger uten arbeidsforhold
Har rett til ordinære dagpenger
Rettighetstype
Tar utdanning eller opplæring?
Har svart ja på spørsmål om utdanning eller opplæring
Har svart nei på spørsmål om utdanning eller opplæring
Oppfyller kravet på unntak for utdanning eller opplæring
Krav til utdanning eller opplæring
Krav på dagpenger
Grunnbeløp for grunnlag
Faktor for maksimalt mulig grunnlag
Antall år i 36 måneder
90% av grunnlag for dagpenger
Antall arbeidsdager per år
Dekningsgrad
Barnetilleggets størrelse
Antall dagsats for egenandel
Antall arbeidsdager per uke
Terskelfaktor for 12 måneder
Lang dagpengeperiode
Kort dagpengeperiode
Divisior
Terskelfaktor for 36 måneder
Antall dager som skal regnes med i hver uke
6 ganger grunnbeløp
Terskel for 12 måneder
Snittinntekt siste 36 måneder
Terskel for 36 måneder
Over terskel for 12 måneder
Over terskel for 36 måneder
Stønadsuker ved siste 12 måneder
Stønadsuker ved siste 36 måneder
Antall stønadsuker
Antall gjenstående stønadsdager
Barn
Antall barn som gir rett til barnetillegg
Barnetillegg i kroner
Inntekt for grunnlag
Oppjustert inntekt
Tellende inntekt
Inntektperiode 1
Inntektperiode 2
Inntektperiode 3
Har avkortet grunnlaget i periode 1
Har avkortet grunnlaget i periode 2
Har avkortet grunnlaget i periode 3
Grunnlag siste 12 mnd.
Avkortet inntektperiode 1
Avkortet inntektperiode 2
Avkortet inntektperiode 3
Har avkortet grunnlag
Inntekt siste 36 måneder
Gjennomsnittlig arbeidsinntekt siste 36 måneder
Uavrundet grunnlag
Brukt beregningsregel
Grunnlag
Maks grunnlag for dagpenger
Dagsats uten barnetillegg
Maks dagsats for dagpenger
Dagsats med barn
Dagsats for dagpenger med barnetillegg
Avrundet dagsats med barnetillegg
Egenandel
Ukessats
